// Jest Snapshot v1, https://goo.gl/fbAQLP

exports[`should render MainPage component 1`] = `ShallowWrapper {}`;
